// Jest Snapshot v1, https://goo.gl/fbAQLP

exports[`IdeasForm should render 1`] = `
<div
  class="sc-bdnylx kFTTcc"
>
  <button
    class="sc-fujyUd TVRAI"
    data-testid="ideasFormAddIdeaButton"
    type="button"
  >
    Add Idea
  </button>
</div>
`;
